app/api/auth/[...nextauth]/route.ts(45,21): error TS7031: Binding element 'token' implicitly has an 'any' type.
app/api/auth/[...nextauth]/route.ts(45,28): error TS7031: Binding element 'user' implicitly has an 'any' type.
app/api/auth/[...nextauth]/route.ts(51,25): error TS7031: Binding element 'session' implicitly has an 'any' type.
app/api/auth/[...nextauth]/route.ts(51,34): error TS7031: Binding element 'token' implicitly has an 'any' type.
